Hello consumer!
Hello consumer!
Hello consumer!
Hello consumer!
Hello consumer!
Hello consumer!
Hello consumer!
Hello consumer!
Hello consumer!
Hello consumer!
